
> build
> vite build

[36mvite v7.3.1 [32mbuilding client environment for production...[36m[39m
transforming...
[32mΓ£ô[39m 55 modules transformed.
rendering chunks...
computing gzip size...
[2mpublic/build/[22m[32mmanifest.json                  [39m[1m[2m 0.51 kB[22m[1m[22m[2m Γöé gzip:  0.20 kB[22m
[2mpublic/build/[22m[35massets/app-k2D_XSQ-.css        [39m[1m[2m85.78 kB[22m[1m[22m[2m Γöé gzip: 14.13 kB[22m
[2mpublic/build/[22m[36massets/lke-create-B7-bm-hJ.js  [39m[1m[2m26.47 kB[22m[1m[22m[2m Γöé gzip:  7.91 kB[22m
[2mpublic/build/[22m[36massets/app-CVmLG9qD.js         [39m[1m[2m39.68 kB[22m[1m[22m[2m Γöé gzip: 15.68 kB[22m
[32mΓ£ô built in 3.25s[39m
